python : Traceback (most recent call last):
No linha:1 caractere:1
+ python test_full_flow.py 2>&1 | Tee-Object -FilePath test_log.txt
+ ~~~~~~~~~~~~~~~~~~~~~~~~~~~~~
    + CategoryInfo          : NotSpecified: (Traceback (most recent call last)::String) [], RemoteException
    + FullyQualifiedErrorId : NativeCommandError
 
  File "C:\Users\JoÒoLuccasFerreiraMo\Desktop\TG_v2\busca\test_full_flow.py", line 420, in <module>
    main()
    ~~~~^^
  File "C:\Users\JoÒoLuccasFerreiraMo\Desktop\TG_v2\busca\test_full_flow.py", line 205, in main
    result = simulate_chat_message(messages, "", extracted_profile)
  File "C:\Users\JoÒoLuccasFerreiraMo\Desktop\TG_v2\busca\test_full_flow.py", line 50, in simulate_chat_message
    print_subsection(f"\U0001f5e8\ufe0f  Enviando mensagem do usußrio")
    ~~~~~~~~~~~~~~~~^^^^^^^^^^^^^^^^^^^^^^^^^^^^^^^^^^^^^
  File "C:\Users\JoÒoLuccasFerreiraMo\Desktop\TG_v2\busca\test_full_flow.py", line 35, in print_subsection
    print(f"\n{Colors.YELLOW}{'\u2500'*80}")
    ~~~~~^^^^^^^^^^^^^^^^^^^^^^^^^^^^^^
  File "C:\Python314\Lib\encodings\cp1252.py", line 19, in encode
    return codecs.charmap_encode(input,self.errors,encoding_table)[0]
           ~~~~~~~~~~~~~~~~~~~~~^^^^^^^^^^^^^^^^^^^^^^^^^^^^^^^^^^
UnicodeEncodeError: 'charmap' codec can't encode characters in position 7-86: character maps to <undefined>

[95m[1m================================================================================
  TESTE COMPLETO DO SISTEMA - DEBUG ESTRUTURADO
================================================================================[0m

[1mTimestamp:[0m 2026-02-18 17:19:47
[1mEndpoint:[0m http://localhost:3000/api/growth

[96m[1m================================================================================
  FASE 1: INICIALIZAÃ├O DO CHAT
================================================================================[0m


[91mErro inesperado: 'charmap' codec can't encode characters in position 7-86: character maps to <undefined>[0m
